class A
{
};

class C
{
public:
    C();
    int m_nX;
    A m_aA;
};

C::C()
     : m_nX(0)
{
}
