class C
{
public:
    int m_nX;
};

int foo(int x)
{
    return 0;
}
#define FOO(a) foo(a)

int main()
{
    C aC;
    aC.m_nX = 1;
    FOO(aC.m_nX);
    int y = aC.m_nX;
}
