class D
{
};

int main()
{
    D* pC = new D();
}
