class C
{
public:
    void bar();
};

void C::bar()
{
}

int main()
{
    C aC;
    aC.bar();
}
