class D
{
public:
    static const int aS[];
};

int main()
{
    D* pC = 0;
    return 0;
}
