class C
{
public:
    static const int m_aS[];
    static const int* getS() { return m_aS; }
};

int foo(const int* pS)
{
    return 0;
}
#define FOO(a) foo(a)

int main()
{
    FOO(C::m_aS);
}
