class D
{
public:
    D();
    ~D();
};

D::D()
{
}

D::~D()
{
}

/* vim:set shiftwidth=4 softtabstop=4 expandtab: */
