class D
{
public:
    int getValue() const
    {
        return 0;
    }
};

int main()
{
    void* pC = new D();
    reinterpret_cast<const D*>(pC)->getValue();
}
