class D
{
public:
    int getValue()
    {
        return 0;
    }
};

int main()
{
    const D* pC = new D();
    const_cast<D*>(pC)->getValue();
}
