class C
{
public:
    static const int m_aS[];
};
